Missing separate debuginfo for /usr/lib64/libssl.so.0.9.8
Try: zypper install -C "debuginfo(build-id)=a812c0d5bc20a71d52b94967402b5dd43c2d6c63"
Missing separate debuginfo for /usr/lib64/libcrypto.so.0.9.8
Try: zypper install -C "debuginfo(build-id)=cdb3cdd8050873b0fd054dcfb6b3e7230705fb42"
Missing separate debuginfo for /usr/lib64/libsexy.so.2
Try: zypper install -C "debuginfo(build-id)=b8f5d15d2a3e16def801876c96c5af32f58c0c8d"
Missing separate debuginfo for /usr/lib64/libgnutls.so.26
Try: zypper install -C "debuginfo(build-id)=48c5d443720ca0bafff08fd65bd7eea62989e5db"
Missing separate debuginfo for /lib64/libgcrypt.so.11
Try: zypper install -C "debuginfo(build-id)=273c9343dbb7faafc24b60e963a538ec4ec6dbe8"
Missing separate debuginfo for /lib64/libgpg-error.so.0
Try: zypper install -C "debuginfo(build-id)=d89d45e36ea25434b8b6f6923fa1ee0fa312ea84"
Missing separate debuginfo for /usr/lib64/libnotify.so.1
Try: zypper install -C "debuginfo(build-id)=42941eea776e59e5cd04ef9348c2cbf798d22211"
Missing separate debuginfo for /usr/lib64/libdbus-glib-1.so.2
Try: zypper install -C "debuginfo(build-id)=31487c7059864f91a59dc5dcae0e80bd9d068279"
Missing separate debuginfo for /lib64/libnsl.so.1
Try: zypper install -C "debuginfo(build-id)=977e947a308e7aebb051ad0c43c95e4994a2cb5f"
Missing separate debuginfo for /lib64/libdbus-1.so.3
Try: zypper install -C "debuginfo(build-id)=0272b8eb4d9ba7a0d6b575a9ab426a8f444516aa"
Missing separate debuginfo for /usr/lib64/libcanberra-gtk.so.0
Try: zypper install -C "debuginfo(build-id)=4d6ead99294e93cff600e23d5ba6d93fa6eeddb3"
Missing separate debuginfo for /usr/lib64/libcanberra.so.0
Try: zypper install -C "debuginfo(build-id)=f8e92db4a04723901243b74b3f10d4a002344642"
Missing separate debuginfo for /usr/lib64/libgnomeui-2.so.0
Try: zypper install -C "debuginfo(build-id)=d36d41e233cc30b69c23a5dfc9e6831e200c3d8b"
Missing separate debuginfo for /usr/lib64/libSM.so.6
Try: zypper install -C "debuginfo(build-id)=e1f8bfe8a6d23683ea90b156f76329ad7fe452a3"
Missing separate debuginfo for /lib64/libuuid.so.1
Try: zypper install -C "debuginfo(build-id)=5f0eba9951b5f6a1ccd7e9bf129b03b22e0fe690"
Missing separate debuginfo for /usr/lib64/libICE.so.6
Try: zypper install -C "debuginfo(build-id)=8d02389f434bcfb82ae599210e70ec69e49e8568"
Missing separate debuginfo for /usr/lib64/libbonoboui-2.so.0
Try: zypper install -C "debuginfo(build-id)=8a66032677880a1ae30588964a6979dfbf9129dc"
Missing separate debuginfo for /usr/lib64/libgnomevfs-2.so.0
Try: zypper install -C "debuginfo(build-id)=d351a5c9ed6774e3b733195926ac3780e988c257"
Missing separate debuginfo for /usr/lib64/libgnomecanvas-2.so.0
Try: zypper install -C "debuginfo(build-id)=842cba3a27655661ea5ada155bce8fc9147d08ec"
Missing separate debuginfo for /usr/lib64/libgnome-2.so.0
Try: zypper install -C "debuginfo(build-id)=76d7f73363076de864006c2b8d8e8ef6dd28ca33"
Missing separate debuginfo for /lib64/libpopt.so.0
Try: zypper install -C "debuginfo(build-id)=c259c0621eefee9ca7ba884501d782407168c719"
Missing separate debuginfo for /usr/lib64/libbonobo-2.so.0
Try: zypper install -C "debuginfo(build-id)=bb4ee2032a0e1cfbd65b754400368c167e074791"
Missing separate debuginfo for /usr/lib64/libbonobo-activation.so.4
Try: zypper install -C "debuginfo(build-id)=aa37590b28e4bd841c9e6d337d5adcaeb840c1fe"
Missing separate debuginfo for /usr/lib64/libORBit-2.so.0
Try: zypper install -C "debuginfo(build-id)=180bd0b765d1356906e2e486f6a07600482f4198"
Missing separate debuginfo for /usr/lib64/libart_lgpl_2.so.2
Try: zypper install -C "debuginfo(build-id)=c41631ffb30055e9e890424878428409dd82d816"
Missing separate debuginfo for /usr/lib64/libgtk-x11-2.0.so.0
Try: zypper install -C "debuginfo(build-id)=c200af332fe70cfdf5ed981e4cb51bae03c2f387"
Missing separate debuginfo for /usr/lib64/libgdk-x11-2.0.so.0
Try: zypper install -C "debuginfo(build-id)=81c8ce996564f7ad68a08a3f3169df964f4e4613"
Missing separate debuginfo for /usr/lib64/libatk-1.0.so.0
Try: zypper install -C "debuginfo(build-id)=c176c5f2ef3759b2fa0b66b031cde9140966fd1b"
Missing separate debuginfo for /usr/lib64/libpangoft2-1.0.so.0
Try: zypper install -C "debuginfo(build-id)=53f9b97bac7e9dc4ec2749c0b29ea5cdca702acb"
Missing separate debuginfo for /usr/lib64/libgdk_pixbuf-2.0.so.0
Try: zypper install -C "debuginfo(build-id)=e7667c44b0539c80439480becfe22c6f4055b520"
Missing separate debuginfo for /usr/lib64/libgio-2.0.so.0
Try: zypper install -C "debuginfo(build-id)=75b31881886cdc61085d61ef6bfa8531ed395003"
Missing separate debuginfo for /usr/lib64/libpangocairo-1.0.so.0
Try: zypper install -C "debuginfo(build-id)=f6e891e7e66682ffb06fae6431098f86685765d6"
Missing separate debuginfo for /usr/lib64/libcairo.so.2
Try: zypper install -C "debuginfo(build-id)=5f473d47ef25b7ea1d88c6ebd3d75a242d8b7360"
Missing separate debuginfo for /usr/lib64/libpixman-1.so.0
Try: zypper install -C "debuginfo(build-id)=c61c440032333b7aec4b4cf24266c80d8c6c9c9f"
Missing separate debuginfo for /usr/lib64/libpng12.so.0
Try: zypper install -C "debuginfo(build-id)=be72c13abd335c861da315d8997d23acf5b8e81e"
Missing separate debuginfo for /usr/lib64/libxcb-render-util.so.0
Try: zypper install -C "debuginfo(build-id)=3a41c1ac503fba257f421daef8f5ce5a8490d67f"
Missing separate debuginfo for /usr/lib64/libxcb-render.so.0
Try: zypper install -C "debuginfo(build-id)=e24e93f53a637e86d5dc8633ccdea882671f0690"
Missing separate debuginfo for /usr/lib64/libXrender.so.1
Try: zypper install -C "debuginfo(build-id)=8f5ba4c59765a6bcf81ace6f3e9d9266e8986518"
Missing separate debuginfo for /usr/lib64/libX11.so.6
Try: zypper install -C "debuginfo(build-id)=dd3ef0a18f021d3ae8e0cc2c2dff8a713ced382d"
Missing separate debuginfo for /usr/lib64/libxcb-xlib.so.0
Try: zypper install -C "debuginfo(build-id)=149cff01fba52bc6068a7904ffc37edeeb192c62"
Missing separate debuginfo for /usr/lib64/libxcb.so.1
Try: zypper install -C "debuginfo(build-id)=575bec4ffc6561a26ca342eb269fe6eac4efcabf"
Missing separate debuginfo for /usr/lib64/libXau.so.6
Try: zypper install -C "debuginfo(build-id)=9213680483512b8ae3ff90d914900be4637bb495"
Missing separate debuginfo for /lib64/libdl.so.2
Try: zypper install -C "debuginfo(build-id)=712d567bb4a74020531098edf520dbd67f735f94"
Missing separate debuginfo for /lib64/libm.so.6
Try: zypper install -C "debuginfo(build-id)=75a1284c48254ef5f890bc38eb9a44b8e98dd0c4"
Missing separate debuginfo for /usr/lib64/libpango-1.0.so.0
Try: zypper install -C "debuginfo(build-id)=0eead3a6f187086eadd137a50d31c8fa3f3e4b15"
Missing separate debuginfo for /usr/lib64/libfreetype.so.6
Try: zypper install -C "debuginfo(build-id)=6fdbf366523b45b0bd29543729f6596ffff10ea1"
Missing separate debuginfo for /lib64/libz.so.1
Try: zypper install -C "debuginfo(build-id)=4c05d1eb180f9c02b81a0c559c813dada91e0ca4"
Missing separate debuginfo for /usr/lib64/libfontconfig.so.1
Try: zypper install -C "debuginfo(build-id)=150b2aee9ba64585e8e84da22664d51252ceb93d"
Missing separate debuginfo for /usr/lib64/libgmodule-2.0.so.0
Try: zypper install -C "debuginfo(build-id)=cd58b1e8fc2e7301664086022de66ad3cdf60a16"
Missing separate debuginfo for /usr/lib64/libgobject-2.0.so.0
Try: zypper install -C "debuginfo(build-id)=b96c3a89d59dcc997b156c3c141945a35ca42483"
Missing separate debuginfo for /usr/lib64/libgthread-2.0.so.0
Try: zypper install -C "debuginfo(build-id)=d62b69823e99922ade7addbc61f6f319c1e6a39e"
Missing separate debuginfo for /lib64/librt.so.1
Try: zypper install -C "debuginfo(build-id)=92af13d3cbc6a19fabaca97188e3789c4a420d6a"
Missing separate debuginfo for /usr/lib64/libgconf-2.so.4
Try: zypper install -C "debuginfo(build-id)=53567f7369d97008473bad57ce2e397fea730b3e"
Missing separate debuginfo for /usr/lib64/libgnome-keyring.so.0
Try: zypper install -C "debuginfo(build-id)=3a1c26385f1d7fc150d9fc643c8b121bc3b33836"
Missing separate debuginfo for /usr/lib64/libglib-2.0.so.0
Try: zypper install -C "debuginfo(build-id)=7fe9a5cd8f2dd0b3848b914bb557025d93e7a931"
Missing separate debuginfo for /lib64/libpthread.so.0
Try: zypper install -C "debuginfo(build-id)=38e99a86496e79929e22c007787087dc3ec8b696"
Missing separate debuginfo for /lib64/libc.so.6
Try: zypper install -C "debuginfo(build-id)=4032930402c4507dfe3390bddaa3c2c5f1b5cfb9"
Missing separate debuginfo for /usr/lib64/libvorbisfile.so.3
Try: zypper install -C "debuginfo(build-id)=e374846e2f626b6a0c70cb92a7a22712a2f3d3e7"
Missing separate debuginfo for /usr/lib64/libltdl.so.7
Try: zypper install -C "debuginfo(build-id)=7a13dc3f85efd79455842f967bd0930d9be5ed4c"
Missing separate debuginfo for /lib64/ld-linux-x86-64.so.2
Try: zypper install -C "debuginfo(build-id)=664909cfe06edf364c3fbda82b829117747006be"
Missing separate debuginfo for /usr/lib64/libavahi-glib.so.1
Try: zypper install -C "debuginfo(build-id)=1e811329f8f6f568e4ef11fd5db91d5f3269965f"
Missing separate debuginfo for /usr/lib64/libavahi-client.so.3
Try: zypper install -C "debuginfo(build-id)=365f22343d980faa5d96a9c956b61fb1664e19a8"
Missing separate debuginfo for /usr/lib64/libavahi-common.so.3
Try: zypper install -C "debuginfo(build-id)=b5c8af7074fdb25ebab3c7b8662b3a50d31910ed"
Missing separate debuginfo for /lib64/libresolv.so.2
Try: zypper install -C "debuginfo(build-id)=1f8fae23b1ccdf1ae7eb6af9fba1bf242a3955dc"
Missing separate debuginfo for /lib64/libutil.so.1
Try: zypper install -C "debuginfo(build-id)=79f232960e0f9a016ab345b01f7d3fa5bff98aa3"
Missing separate debuginfo for /usr/lib64/libgailutil.so.18
Try: zypper install -C "debuginfo(build-id)=074d658c3f54cbdf6cc9fd01156f038f0fd93bfa"
Missing separate debuginfo for /usr/lib64/libesd.so.0
Try: zypper install -C "debuginfo(build-id)=7022ca4f6b2dd140d0fde299cf4fda53c0c5ff81"
Missing separate debuginfo for /usr/lib64/libasound.so.2
Try: zypper install -C "debuginfo(build-id)=bb234490c99fccba4022373eaa6d126f5fd41e22"
Missing separate debuginfo for /usr/lib64/libaudiofile.so.0
Try: zypper install -C "debuginfo(build-id)=d5abc6507a6b9e2cc56aec573c24659e93b497bf"
Missing separate debuginfo for /usr/lib64/libORBitCosNaming-2.so.0
Try: zypper install -C "debuginfo(build-id)=ec6f5c06e1ee90ae261f6f21216506a2a11563c4"
Missing separate debuginfo for /usr/lib64/libXinerama.so.1
Try: zypper install -C "debuginfo(build-id)=1ebb45733a0f4688b8e0dcbea84a42d6732c39ed"
Missing separate debuginfo for /usr/lib64/libXi.so.6
Try: zypper install -C "debuginfo(build-id)=8f8e9026e3566747bad970b23025f2d414d1712d"
Missing separate debuginfo for /usr/lib64/libXcursor.so.1
Try: zypper install -C "debuginfo(build-id)=8ccaae032db0a31739f7186e3d36ebb6d5e63280"
Missing separate debuginfo for /usr/lib64/libXcomposite.so.1
Try: zypper install -C "debuginfo(build-id)=ba21608c4031243f4849f32018c73207f9335c83"
Missing separate debuginfo for /usr/lib64/libXext.so.6
Try: zypper install -C "debuginfo(build-id)=36b94f5b77a1445dd036ebe2b30bb2ac45f4f9c2"
Missing separate debuginfo for /usr/lib64/libXdamage.so.1
Try: zypper install -C "debuginfo(build-id)=1cb4b883faae5683149a1e9b6debc561b6e33bec"
Missing separate debuginfo for /usr/lib64/libXfixes.so.3
Try: zypper install -C "debuginfo(build-id)=a59ae7dcbf9a645b62a30d73ae1a2fd8e39b50a1"
Missing separate debuginfo for /usr/lib64/libpcre.so.0
Try: zypper install -C "debuginfo(build-id)=690bc513d49ca57c3d0ea00e5f58578683edec8b"
Missing separate debuginfo for /lib64/libselinux.so.1
Try: zypper install -C "debuginfo(build-id)=57108472aa97038e1982d1c2fc035ca3c7265c75"
Missing separate debuginfo for /lib64/libexpat.so.1
Try: zypper install -C "debuginfo(build-id)=b0c3899ca542d01c00be8698b694a909107fa230"
Missing separate debuginfo for /usr/lib64/libvorbis.so.0
Try: zypper install -C "debuginfo(build-id)=16e84b0cea68e28bbcab7de5e2116be50fda3a08"
Missing separate debuginfo for /usr/lib64/libogg.so.0
Try: zypper install -C "debuginfo(build-id)=93114c353b1cb8ac78e4e29b253cf06d73265ca5"
Missing separate debuginfo for /lib64/libnss_compat.so.2
Try: zypper install -C "debuginfo(build-id)=eda88fc1c4561e471cf7370decb3794340770801"
Missing separate debuginfo for /lib64/libnss_nis.so.2
Try: zypper install -C "debuginfo(build-id)=73aef0dfd2cd6ca5a00924285091f5bec67c7d9a"
Missing separate debuginfo for /lib64/libnss_files.so.2
Try: zypper install -C "debuginfo(build-id)=be9ccdb4b824df0ae136b2f3e33beef495ce7aad"
Missing separate debuginfo for /usr/lib64/gtk-2.0/2.10.0/engines/libclearlooks.so
Try: zypper install -C "debuginfo(build-id)=987d9fd67dac545edd0eb7f4d75f5ca0bcfa28de"
Missing separate debuginfo for /usr/lib64/gtk-2.0/modules/libpk-gtk-module.so
Try: zypper install -C "debuginfo(build-id)=89a1743d98609786541aa98b9bbd7bef6e7c35b8"
Missing separate debuginfo for /usr/lib64/gtk-2.0/modules/libcanberra-gtk-module.so
Try: zypper install -C "debuginfo(build-id)=a49d31048afddd3e3e3f5a12a1411c507da883a6"
Missing separate debuginfo for /usr/lib64/gtk-2.0/modules/libgnomebreakpad.so
Try: zypper install -C "debuginfo(build-id)=7f28543792854f1243525eac7e4b9ca5d4b234de"
Missing separate debuginfo for /usr/lib64/libelf.so.1
Try: zypper install -C "debuginfo(build-id)=28840ad4cfb3637e6ba0457bb6c6a21a4af60a63"
Missing separate debuginfo for /usr/lib64/libstdc++.so.6
Try: zypper install -C "debuginfo(build-id)=df6c3fdfebaf9291fa7ccbbf162ebda3035384a2"
Missing separate debuginfo for /lib64/libgcc_s.so.1
Try: zypper install -C "debuginfo(build-id)=663c0fe051bbe51a108f926e68ee97b37a983bd5"
Missing separate debuginfo for /usr/lib64/pango/1.6.0/modules/pango-basic-fc.so
Try: zypper install -C "debuginfo(build-id)=136dc94156bb55e9010dfd2c96c313f014acf5a4"
Missing separate debuginfo for /usr/lib64/gio/modules/libgioremote-volume-monitor.so
Try: zypper install -C "debuginfo(build-id)=e536a68443eb23520ae073b95b371b53e8673abb"
Missing separate debuginfo for /usr/lib64/libgvfscommon.so.0
Try: zypper install -C "debuginfo(build-id)=9c99f8dbbc1f657853f49f96138b69def554e1e3"
Missing separate debuginfo for /usr/lib64/gio/modules/libgvfsdbus.so
Try: zypper install -C "debuginfo(build-id)=67f01ccd3639633bef88f0850202107055cf6c1f"
Missing separate debuginfo for /usr/lib64/gtk-2.0/2.10.0/loaders/svg_loader.so
Try: zypper install -C "debuginfo(build-id)=ccd5a35d31f63dffb472172c19fa9b02b93ca2c3"
Missing separate debuginfo for /usr/lib64/librsvg-2.so.2
Try: zypper install -C "debuginfo(build-id)=b94ef38bda1ed189fae565b1702bb64201f2d577"
Missing separate debuginfo for /usr/lib64/libgsf-1.so.114
Try: zypper install -C "debuginfo(build-id)=c3efa680e16e296f6066d8b4d089cbef9051a9e6"
Missing separate debuginfo for /usr/lib64/libcroco-0.6.so.3
Try: zypper install -C "debuginfo(build-id)=159ed375c9dbf91f2ee8ca3a01b91f93d9f0426f"
Missing separate debuginfo for /lib64/libbz2.so.1
Try: zypper install -C "debuginfo(build-id)=3a41d8f2b7d48e659a09f72c6c8df7f6512fd57f"
Missing separate debuginfo for /usr/lib64/gtk-2.0/2.10.0/immodules/im-cedilla.so
Try: zypper install -C "debuginfo(build-id)=4d712d30f05a0cbed24a67d229dec3b9530b2768"
Missing separate debuginfo for /usr/lib64/libenchant.so
Try: zypper install -C "debuginfo(build-id)=54938a4325f98b252149036899f246a9afece666"
Missing separate debuginfo for /usr/lib64/enchant/libenchant_myspell.so
Try: zypper install -C "debuginfo(build-id)=00817408eb078b01c9f6d8d324b66e1c5fb4f14b"
Missing separate debuginfo for /usr/lib64/libhunspell-1.2.so.0
Try: zypper install -C "debuginfo(build-id)=5a3c0d776db212c607499dc24f43578912ab65ab"
Missing separate debuginfo for /usr/lib64/enchant/libenchant_ispell.so
Try: zypper install -C "debuginfo(build-id)=ec2fc419ed1989545c3280d403b203aeb01d2575"
Missing separate debuginfo for /usr/lib64/enchant/libenchant_aspell.so
Try: zypper install -C "debuginfo(build-id)=e9edea22fb8b5ab703e06ae15c51926a1a5e1920"
Missing separate debuginfo for /usr/lib64/libaspell.so.15
Try: zypper install -C "debuginfo(build-id)=59d42e318bc48684ed34b2c4cae7910910cd9717"
Missing separate debuginfo for /lib64/libnss_mdns4_minimal.so.2
Try: zypper install -C "debuginfo(build-id)=c68a207d9d8fa3678064ea73b499aabd1f679025"
Missing separate debuginfo for /lib64/libnss_dns.so.2
Try: zypper install -C "debuginfo(build-id)=b9d7d0a34a818e760eb2e1badec91b4e3ac04022"
Missing separate debuginfo for /usr/lib64/libpulse.so.0
Try: zypper install -C "debuginfo(build-id)=108fcf76d492dcbc18af32f17b4920a88cebd06d"
Missing separate debuginfo for /usr/lib64/libpulsecommon-0.9.15.so
Try: zypper install -C "debuginfo(build-id)=25391dfd19cb529659dcc7ef2c4511c105e0ceb9"
Missing separate debuginfo for /usr/lib64/libXtst.so.6
Try: zypper install -C "debuginfo(build-id)=85fc66df008926b6f4d8f5e297f4da99e857d155"
Missing separate debuginfo for /lib64/libwrap.so.0
Try: zypper install -C "debuginfo(build-id)=927e93d87d9e44ab4be0fd7fc4d370d9b553fea3"
Missing separate debuginfo for /usr/lib64/libgdbm.so.3
Try: zypper install -C "debuginfo(build-id)=bb9be2a1471c81d45d9d141f9ddc4229afa67528"
Missing separate debuginfo for /usr/lib64/gtk-2.0/2.10.0/loaders/libpixbufloader-jpeg.so
Try: zypper install -C "debuginfo(build-id)=6a95b63fe2b58715fc4a1243768ecf74e964f1d3"
Missing separate debuginfo for /usr/lib64/libjpeg.so.62
Try: zypper install -C "debuginfo(build-id)=966f70a94e14bc0a958eee77c79cd21bbc7665c1"
Missing separate debuginfo for /usr/lib64/gtk-2.0/2.10.0/loaders/libpixbufloader-png.so
Try: zypper install -C "debuginfo(build-id)=75964c626c47aa7fbbb11de839d7afc65ae9ad58"
Missing separate debuginfo for /usr/lib64/libcanberra-0.12/libcanberra-pulse.so
Try: zypper install -C "debuginfo(build-id)=d715c1006c3f4b8d71c84279d97a2234e469fdc0"
